\BOOKMARK [1][-]{section.1}{\376\377\000I\000n\000t\000r\000o\000d\000u\000c\000c\000i\000\363\000n}{}% 1
\BOOKMARK [2][-]{subsection.1.1}{\376\377\000C\000o\000n\000t\000e\000x\000t\000o\000\040\000y\000\040\000P\000r\000o\000b\000l\000e\000m\000\341\000t\000i\000c\000a}{section.1}% 2
\BOOKMARK [2][-]{subsection.1.2}{\376\377\000O\000b\000j\000e\000t\000i\000v\000o\000s\000\040\000d\000e\000l\000\040\000A\000n\000\341\000l\000i\000s\000i\000s}{section.1}% 3
\BOOKMARK [2][-]{subsection.1.3}{\376\377\000M\000e\000t\000o\000d\000o\000l\000o\000g\000\355\000a}{section.1}% 4
\BOOKMARK [1][-]{section.2}{\376\377\000A\000n\000\341\000l\000i\000s\000i\000s\000\040\000E\000x\000p\000l\000o\000r\000a\000t\000o\000r\000i\000o\000\040\000d\000e\000\040\000D\000a\000t\000o\000s}{}% 5
\BOOKMARK [2][-]{subsection.2.1}{\376\377\000E\000s\000t\000a\000d\000\355\000s\000t\000i\000c\000a\000s\000\040\000D\000e\000s\000c\000r\000i\000p\000t\000i\000v\000a\000s}{section.2}% 6
\BOOKMARK [2][-]{subsection.2.2}{\376\377\000A\000n\000\341\000l\000i\000s\000i\000s\000\040\000d\000e\000\040\000C\000o\000r\000r\000e\000l\000a\000c\000i\000o\000n\000e\000s\000\040\000c\000o\000n\000\040\000R\000o\000t\000a\000c\000i\000\363\000n}{section.2}% 7
\BOOKMARK [1][-]{section.3}{\376\377\000D\000a\000t\000o\000s\000\040\000y\000\040\000M\000e\000t\000o\000d\000o\000l\000o\000g\000\355\000a}{}% 8
\BOOKMARK [2][-]{subsection.3.1}{\376\377\000C\000a\000r\000a\000c\000t\000e\000r\000\355\000s\000t\000i\000c\000a\000s\000\040\000d\000e\000l\000\040\000D\000a\000t\000a\000s\000e\000t}{section.3}% 9
\BOOKMARK [2][-]{subsection.3.2}{\376\377\000D\000i\000s\000t\000r\000i\000b\000u\000c\000i\000\363\000n\000\040\000d\000e\000\040\000l\000a\000\040\000M\000u\000e\000s\000t\000r\000a}{section.3}% 10
\BOOKMARK [1][-]{section.4}{\376\377\000I\000n\000d\000i\000c\000a\000d\000o\000r\000e\000s\000\040\000C\000l\000a\000v\000e\000\040\000d\000e\000\040\000R\000o\000t\000a\000c\000i\000\363\000n}{}% 11
\BOOKMARK [2][-]{subsection.4.1}{\376\377\000R\000o\000t\000a\000c\000i\000\363\000n\000\040\000G\000l\000o\000b\000a\000l\000\040\000y\000\040\000p\000o\000r\000\040\000\301\000r\000e\000a\000s\000\040\000C\000r\000\355\000t\000i\000c\000a\000s}{section.4}% 12
\BOOKMARK [2][-]{subsection.4.2}{\376\377\000R\000o\000t\000a\000c\000i\000\363\000n\000\040\000p\000o\000r\000\040\000A\000n\000t\000i\000g\000\374\000e\000d\000a\000d}{section.4}% 13
\BOOKMARK [2][-]{subsection.4.3}{\376\377\000R\000o\000t\000a\000c\000i\000\363\000n\000\040\000p\000o\000r\000\040\000N\000i\000v\000e\000l\000\040\000d\000e\000\040\000D\000e\000s\000e\000m\000p\000e\000\361\000o}{section.4}% 14
\BOOKMARK [2][-]{subsection.4.4}{\376\377\000R\000o\000t\000a\000c\000i\000\363\000n\000\040\000p\000o\000r\000\040\000C\000a\000p\000a\000c\000i\000t\000a\000c\000i\000\363\000n}{section.4}% 15
\BOOKMARK [1][-]{section.5}{\376\377\000S\000e\000g\000m\000e\000n\000t\000a\000c\000i\000\363\000n\000\040\000y\000\040\000A\000n\000\341\000l\000i\000s\000i\000s\000\040\000d\000e\000\040\000R\000i\000e\000s\000g\000o}{}% 16
\BOOKMARK [2][-]{subsection.5.1}{\376\377\000M\000e\000t\000o\000d\000o\000l\000o\000g\000\355\000a\000\040\000d\000e\000\040\000S\000c\000o\000r\000e\000\040\000d\000e\000\040\000R\000i\000e\000s\000g\000o}{section.5}% 17
\BOOKMARK [1][-]{section.6}{\376\377\000I\000n\000d\000i\000c\000a\000d\000o\000r\000e\000s\000\040\000C\000l\000a\000v\000e\000\040\000d\000e\000\040\000R\000o\000t\000a\000c\000i\000\363\000n}{}% 18
\BOOKMARK [2][-]{subsection.6.1}{\376\377\000R\000o\000t\000a\000c\000i\000\363\000n\000\040\000G\000l\000o\000b\000a\000l\000\040\000v\000s\000.\000\040\000\301\000r\000e\000a\000s\000\040\000C\000r\000\355\000t\000i\000c\000a\000s}{section.6}% 19
\BOOKMARK [2][-]{subsection.6.2}{\376\377\000R\000o\000t\000a\000c\000i\000\363\000n\000\040\000p\000o\000r\000\040\000A\000n\000t\000i\000g\000\374\000e\000d\000a\000d}{section.6}% 20
\BOOKMARK [2][-]{subsection.6.3}{\376\377\000R\000o\000t\000a\000c\000i\000\363\000n\000\040\000p\000o\000r\000\040\000D\000e\000s\000e\000m\000p\000e\000\361\000o}{section.6}% 21
\BOOKMARK [2][-]{subsection.6.4}{\376\377\000I\000m\000p\000a\000c\000t\000o\000\040\000F\000i\000n\000a\000n\000c\000i\000e\000r\000o\000\040\000E\000s\000t\000i\000m\000a\000d\000o}{section.6}% 22
\BOOKMARK [2][-]{subsection.6.5}{\376\377\000V\000i\000s\000u\000a\000l\000i\000z\000a\000c\000i\000\363\000n\000\040\000d\000e\000l\000\040\000A\000n\000\341\000l\000i\000s\000i\000s\000\040\000D\000i\000a\000g\000n\000\363\000s\000t\000i\000c\000o}{section.6}% 23
\BOOKMARK [1][-]{section.7}{\376\377\000S\000e\000g\000m\000e\000n\000t\000a\000c\000i\000\363\000n\000\040\000y\000\040\000A\000n\000\341\000l\000i\000s\000i\000s\000\040\000d\000e\000\040\000R\000i\000e\000s\000g\000o}{}% 24
\BOOKMARK [2][-]{subsection.7.1}{\376\377\000D\000i\000s\000t\000r\000i\000b\000u\000c\000i\000\363\000n\000\040\000d\000e\000\040\000R\000i\000e\000s\000g\000o}{section.7}% 25
\BOOKMARK [2][-]{subsection.7.2}{\376\377\000V\000i\000s\000u\000a\000l\000i\000z\000a\000c\000i\000\363\000n\000\040\000d\000e\000l\000\040\000A\000n\000\341\000l\000i\000s\000i\000s\000\040\000d\000e\000\040\000R\000i\000e\000s\000g\000o}{section.7}% 26
\BOOKMARK [1][-]{section.8}{\376\377\000M\000o\000d\000e\000l\000o\000\040\000P\000r\000e\000d\000i\000c\000t\000i\000v\000o\000\040\000d\000e\000\040\000M\000a\000c\000h\000i\000n\000e\000\040\000L\000e\000a\000r\000n\000i\000n\000g}{}% 27
\BOOKMARK [2][-]{subsection.8.1}{\376\377\000C\000o\000m\000p\000a\000r\000a\000c\000i\000\363\000n\000\040\000d\000e\000\040\000M\000o\000d\000e\000l\000o\000s}{section.8}% 28
\BOOKMARK [2][-]{subsection.8.2}{\376\377\000I\000m\000p\000o\000r\000t\000a\000n\000c\000i\000a\000\040\000d\000e\000\040\000F\000e\000a\000t\000u\000r\000e\000s\000\040\000e\000n\000\040\000R\000a\000n\000d\000o\000m\000\040\000F\000o\000r\000e\000s\000t}{section.8}% 29
\BOOKMARK [2][-]{subsection.8.3}{\376\377\000M\000a\000t\000r\000i\000z\000\040\000d\000e\000\040\000C\000o\000n\000f\000u\000s\000i\000\363\000n}{section.8}% 30
\BOOKMARK [2][-]{subsection.8.4}{\376\377\000V\000i\000s\000u\000a\000l\000i\000z\000a\000c\000i\000\363\000n\000\040\000d\000e\000\040\000M\000o\000d\000e\000l\000o\000s\000\040\000P\000r\000e\000d\000i\000c\000t\000i\000v\000o\000s}{section.8}% 31
\BOOKMARK [1][-]{section.9}{\376\377\000A\000n\000\341\000l\000i\000s\000i\000s\000\040\000D\000e\000t\000a\000l\000l\000a\000d\000o\000\040\000d\000e\000\040\000\301\000r\000e\000a\000s\000\040\000C\000r\000\355\000t\000i\000c\000a\000s}{}% 32
\BOOKMARK [2][-]{subsection.9.1}{\376\377\000T\000e\000c\000n\000o\000l\000o\000g\000\355\000a}{section.9}% 33
\BOOKMARK [2][-]{subsection.9.2}{\376\377\000O\000p\000e\000r\000a\000c\000i\000o\000n\000e\000s\000\040\000F\000i\000n\000a\000n\000c\000i\000e\000r\000a\000s}{section.9}% 34
\BOOKMARK [2][-]{subsection.9.3}{\376\377\000R\000i\000e\000s\000g\000o\000\040\000y\000\040\000C\000u\000m\000p\000l\000i\000m\000i\000e\000n\000t\000o}{section.9}% 35
\BOOKMARK [2][-]{subsection.9.4}{\376\377\000A\000t\000e\000n\000c\000i\000\363\000n\000\040\000d\000e\000\040\000C\000l\000i\000e\000n\000t\000e\000s}{section.9}% 36
\BOOKMARK [2][-]{subsection.9.5}{\376\377\000V\000i\000s\000u\000a\000l\000i\000z\000a\000c\000i\000\363\000n\000\040\000d\000e\000\040\000P\000r\000i\000o\000r\000i\000z\000a\000c\000i\000\363\000n}{section.9}% 37
\BOOKMARK [1][-]{section.10}{\376\377\000R\000e\000c\000o\000m\000e\000n\000d\000a\000c\000i\000o\000n\000e\000s\000\040\000E\000s\000t\000r\000a\000t\000\351\000g\000i\000c\000a\000s}{}% 38
\BOOKMARK [2][-]{subsection.10.1}{\376\377\000N\000i\000v\000e\000l\000\040\0001\000:\000\040\000I\000n\000t\000e\000r\000v\000e\000n\000c\000i\000\363\000n\000\040\000U\000r\000g\000e\000n\000t\000e\000\040\000\050\000P\000r\000\363\000x\000i\000m\000a\000s\000\040\0002\000\040\000S\000e\000m\000a\000n\000a\000s\000\051}{section.10}% 39
\BOOKMARK [3][-]{subsubsection.10.1.1}{\376\377\000A\000c\000c\000i\000\363\000n\000\040\0001\000:\000\040\000R\000e\000u\000n\000i\000o\000n\000e\000s\000\040\0001\000-\000a\000-\0001\000\040\000c\000o\000n\000\040\000R\000i\000e\000s\000g\000o\000s\000\040\000M\000u\000y\000\040\000A\000l\000t\000o\000s}{subsection.10.1}% 40
\BOOKMARK [3][-]{subsubsection.10.1.2}{\376\377\000A\000c\000c\000i\000\363\000n\000\040\0002\000:\000\040\000D\000i\000a\000g\000n\000\363\000s\000t\000i\000c\000o\000\040\000R\000\341\000p\000i\000d\000o\000\040\000e\000n\000\040\000\301\000r\000e\000a\000s\000\040\000C\000r\000\355\000t\000i\000c\000a\000s}{subsection.10.1}% 41
\BOOKMARK [2][-]{subsection.10.2}{\376\377\000N\000i\000v\000e\000l\000\040\0002\000:\000\040\000I\000n\000t\000e\000r\000v\000e\000n\000c\000i\000\363\000n\000\040\000P\000r\000e\000v\000e\000n\000t\000i\000v\000a\000\040\000\050\000P\000r\000\363\000x\000i\000m\000o\000\040\000M\000e\000s\000\051}{section.10}% 42
\BOOKMARK [3][-]{subsubsection.10.2.1}{\376\377\000A\000c\000c\000i\000\363\000n\000\040\0001\000:\000\040\000P\000r\000o\000g\000r\000a\000m\000a\000\040\000d\000e\000\040\000M\000e\000n\000t\000o\000r\000\355\000a\000\040\000E\000s\000t\000r\000u\000c\000t\000u\000r\000a\000d\000a}{subsection.10.2}% 43
\BOOKMARK [3][-]{subsubsection.10.2.2}{\376\377\000A\000c\000c\000i\000\363\000n\000\040\0002\000:\000\040\000M\000e\000j\000o\000r\000a\000\040\000d\000e\000\040\000C\000l\000i\000m\000a\000\040\000L\000a\000b\000o\000r\000a\000l}{subsection.10.2}% 44
\BOOKMARK [3][-]{subsubsection.10.2.3}{\376\377\000A\000c\000c\000i\000\363\000n\000\040\0003\000:\000\040\000P\000l\000a\000n\000\040\000d\000e\000\040\000D\000e\000s\000a\000r\000r\000o\000l\000l\000o\000\040\000y\000\040\000C\000a\000p\000a\000c\000i\000t\000a\000c\000i\000\363\000n}{subsection.10.2}% 45
\BOOKMARK [2][-]{subsection.10.3}{\376\377\000N\000i\000v\000e\000l\000\040\0003\000:\000\040\000T\000r\000a\000n\000s\000f\000o\000r\000m\000a\000c\000i\000\363\000n\000\040\000O\000r\000g\000a\000n\000i\000z\000a\000c\000i\000o\000n\000a\000l\000\040\000\050\0006\000\040\000M\000e\000s\000e\000s\000\051}{section.10}% 46
\BOOKMARK [3][-]{subsubsection.10.3.1}{\376\377\000A\000c\000c\000i\000\363\000n\000\040\0001\000:\000\040\000D\000a\000s\000h\000b\000o\000a\000r\000d\000\040\000E\000j\000e\000c\000u\000t\000i\000v\000o\000\040\000d\000e\000\040\000R\000o\000t\000a\000c\000i\000\363\000n}{subsection.10.3}% 47
\BOOKMARK [3][-]{subsubsection.10.3.2}{\376\377\000A\000c\000c\000i\000\363\000n\000\040\0002\000:\000\040\000I\000n\000t\000e\000g\000r\000a\000c\000i\000\363\000n\000\040\000d\000e\000\040\000P\000e\000o\000p\000l\000e\000\040\000A\000n\000a\000l\000y\000t\000i\000c\000s}{subsection.10.3}% 48
\BOOKMARK [3][-]{subsubsection.10.3.3}{\376\377\000A\000c\000c\000i\000\363\000n\000\040\0003\000:\000\040\000R\000e\000v\000i\000s\000i\000\363\000n\000\040\000d\000e\000\040\000P\000o\000l\000\355\000t\000i\000c\000a\000s\000\040\000d\000e\000\040\000P\000e\000r\000s\000o\000n\000a\000s}{subsection.10.3}% 49
\BOOKMARK [1][-]{section.11}{\376\377\000P\000r\000o\000y\000e\000c\000c\000i\000\363\000n\000\040\000d\000e\000\040\000I\000m\000p\000a\000c\000t\000o\000\040\000F\000i\000n\000a\000n\000c\000i\000e\000r\000o}{}% 50
\BOOKMARK [2][-]{subsection.11.1}{\376\377\000E\000s\000c\000e\000n\000a\000r\000i\000o\000\040\000B\000a\000s\000e\000:\000\040\000S\000i\000n\000\040\000I\000n\000t\000e\000r\000v\000e\000n\000c\000i\000\363\000n}{section.11}% 51
\BOOKMARK [2][-]{subsection.11.2}{\376\377\000E\000s\000c\000e\000n\000a\000r\000i\000o\000\040\000P\000r\000o\000p\000u\000e\000s\000t\000o\000:\000\040\000C\000o\000n\000\040\000I\000n\000t\000e\000r\000v\000e\000n\000c\000i\000\363\000n}{section.11}% 52
\BOOKMARK [2][-]{subsection.11.3}{\376\377\000R\000e\000t\000o\000r\000n\000o\000\040\000s\000o\000b\000r\000e\000\040\000l\000a\000\040\000I\000n\000v\000e\000r\000s\000i\000\363\000n\000\040\000\050\000R\000O\000I\000\051}{section.11}% 53
\BOOKMARK [2][-]{subsection.11.4}{\376\377\000P\000r\000o\000y\000e\000c\000c\000i\000\363\000n\000\040\000a\000\040\0003\000\040\000A\000\361\000o\000s}{section.11}% 54
\BOOKMARK [1][-]{section.12}{\376\377\000C\000o\000n\000c\000l\000u\000s\000i\000o\000n\000e\000s}{}% 55
\BOOKMARK [2][-]{subsection.12.1}{\376\377\000H\000a\000l\000l\000a\000z\000g\000o\000s\000\040\000P\000r\000i\000n\000c\000i\000p\000a\000l\000e\000s}{section.12}% 56
\BOOKMARK [2][-]{subsection.12.2}{\376\377\000F\000a\000c\000t\000o\000r\000e\000s\000\040\000C\000r\000\355\000t\000i\000c\000o\000s\000\040\000d\000e\000\040\000\311\000x\000i\000t\000o}{section.12}% 57
\BOOKMARK [2][-]{subsection.12.3}{\376\377\000R\000i\000e\000s\000g\000o\000s\000\040\000a\000\040\000C\000o\000n\000s\000i\000d\000e\000r\000a\000r}{section.12}% 58
\BOOKMARK [1][-]{section.13}{\376\377\000P\000l\000a\000n\000\040\000d\000e\000\040\000I\000m\000p\000l\000e\000m\000e\000n\000t\000a\000c\000i\000\363\000n}{}% 59
\BOOKMARK [2][-]{subsection.13.1}{\376\377\000S\000e\000m\000a\000n\000a\000\040\0001\000:\000\040\000V\000a\000l\000i\000d\000a\000c\000i\000\363\000n\000\040\000y\000\040\000C\000o\000m\000u\000n\000i\000c\000a\000c\000i\000\363\000n}{section.13}% 60
\BOOKMARK [2][-]{subsection.13.2}{\376\377\000S\000e\000m\000a\000n\000a\000\040\0002\000:\000\040\000C\000o\000n\000f\000o\000r\000m\000a\000c\000i\000\363\000n\000\040\000d\000e\000\040\000E\000q\000u\000i\000p\000o\000s}{section.13}% 61
\BOOKMARK [2][-]{subsection.13.3}{\376\377\000S\000e\000m\000a\000n\000a\000\040\0003\000:\000\040\000C\000o\000m\000e\000n\000z\000a\000r\000\040\000I\000n\000t\000e\000r\000v\000e\000n\000c\000i\000\363\000n\000\040\000N\000i\000v\000e\000l\000\040\0001}{section.13}% 62
\BOOKMARK [2][-]{subsection.13.4}{\376\377\000M\000e\000s\000\040\0002\000-\0003\000:\000\040\000I\000n\000t\000e\000r\000v\000e\000n\000c\000i\000\363\000n\000\040\000N\000i\000v\000e\000l\000\040\0002\000\040\000y\000\040\000D\000a\000s\000h\000b\000o\000a\000r\000d}{section.13}% 63
\BOOKMARK [2][-]{subsection.13.5}{\376\377\000M\000e\000s\000\040\0004\000-\0006\000:\000\040\000T\000r\000a\000n\000s\000f\000o\000r\000m\000a\000c\000i\000\363\000n\000\040\000O\000r\000g\000a\000n\000i\000z\000a\000c\000i\000o\000n\000a\000l}{section.13}% 64
